error: Cannot have both duplicated and take_last attributes on a field
 --> tests/compile-fail/duplicated_and_take_last.rs:7:5
  |
7 |     field: Vec<String>,
  |     ^^^^^
